// Jest Snapshot v1, https://goo.gl/fbAQLP

exports[`Processing Service processJob - simple mock 1`] = `
[
  {
    "fileName": null,
    "link": "https://www.sap.com",
    "mimeType": null,
    "name": "Link",
    "type_code": "link",
  },
  {
    "fileName": null,
    "link": null,
    "mimeType": null,
    "name": "Result",
    "type_code": "message",
  },
]
`;
